// Jest Snapshot v1, https://goo.gl/fbAQLP

exports[`Platform Should synthesize correctly 1`] = `
Array [
  Object {
    "apiVersion": "v1",
    "kind": "Namespace",
    "metadata": Object {
      "name": "flux-system",
    },
    "spec": Object {},
  },
  Object {
    "apiVersion": "operators.coreos.com/v1",
    "kind": "OperatorGroup",
    "metadata": Object {
      "name": "flux-operator-group",
      "namespace": "flux-system",
    },
    "spec": Object {
      "targetNamespaces": Array [
        "flux-system",
      ],
    },
  },
  Object {
    "apiVersion": "operators.coreos.com/v1",
    "kind": "OperatorGroup",
    "metadata": Object {
      "name": "prometheus-operator-group",
      "namespace": "default",
    },
    "spec": Object {
      "targetNamespaces": Array [
        "default",
      ],
    },
  },
  Object {
    "apiVersion": "operators.coreos.com/v1alpha1",
    "kind": "Subscription",
    "metadata": Object {
      "name": "flux-subscription",
      "namespace": "flux-system",
    },
    "spec": Object {
      "channel": "stable",
      "installPlanApproval": "Automatic",
      "name": "flux",
      "source": "operatorhubio-catalog",
      "sourceNamespace": "olm",
    },
  },
  Object {
    "apiVersion": "operators.coreos.com/v1alpha1",
    "kind": "Subscription",
    "metadata": Object {
      "name": "grafana-subscription",
      "namespace": "operators",
    },
    "spec": Object {
      "channel": "v5",
      "name": "grafana-operator",
      "source": "operatorhubio-catalog",
      "sourceNamespace": "olm",
    },
  },
  Object {
    "apiVersion": "operators.coreos.com/v1alpha1",
    "kind": "Subscription",
    "metadata": Object {
      "name": "prometheus-subscription",
      "namespace": "operators",
    },
    "spec": Object {
      "channel": "beta",
      "installPlanApproval": "Automatic",
      "name": "prometheus",
      "source": "operatorhubio-catalog",
      "sourceNamespace": "olm",
    },
  },
  Object {
    "apiVersion": "operators.coreos.com/v1alpha1",
    "kind": "Subscription",
    "metadata": Object {
      "name": "loki-operator",
      "namespace": "operators",
    },
    "spec": Object {
      "channel": "alpha",
      "name": "loki-operator",
      "source": "operatorhubio-catalog",
      "sourceNamespace": "olm",
    },
  },
  Object {
    "apiVersion": "operators.coreos.com/v1alpha1",
    "kind": "Subscription",
    "metadata": Object {
      "name": "strimzi-kafka-operator",
      "namespace": "operators",
    },
    "spec": Object {
      "channel": "stable",
      "name": "strimzi-kafka-operator",
      "source": "operatorhubio-catalog",
      "sourceNamespace": "olm",
    },
  },
  Object {
    "apiVersion": "operators.coreos.com/v1alpha1",
    "kind": "Subscription",
    "metadata": Object {
      "name": "minio-operator",
      "namespace": "operators",
    },
    "spec": Object {
      "channel": "stable",
      "name": "minio-operator",
      "source": "operatorhubio-catalog",
      "sourceNamespace": "olm",
    },
  },
  Object {
    "apiVersion": "operators.coreos.com/v1alpha1",
    "kind": "Subscription",
    "metadata": Object {
      "name": "my-elastic-cloud-eck",
      "namespace": "operators",
    },
    "spec": Object {
      "channel": "stable",
      "name": "elastic-cloud-eck",
      "source": "operatorhubio-catalog",
      "sourceNamespace": "olm",
    },
  },
]
`;
